// Jest Snapshot v1, https://goo.gl/fbAQLP

exports[`<App /> should render and match the snapshot 1`] = `
<BrowserRouter>
  <Helmet
    defaultTitle="Lytesnap"
    defer={true}
    encodeSpecialCharacters={true}
    htmlAttributes={
      Object {
        "lang": undefined,
      }
    }
    titleTemplate="%s - Lytesnap"
  >
    <meta
      content="Lytesnap"
      name="description"
    />
  </Helmet>
  <React.Suspense
    fallback={
      <div
        className="pt-3 text-center"
      >
        <div
          className="sk-spinner sk-spinner-pulse"
        />
      </div>
    }
  >
    <Switch>
      <Route
        element={
          Object {
            "$$typeof": Symbol(react.memo),
            "WrappedComponent": [Function],
            "compare": null,
            "type": [Function],
          }
        }
        path="/"
      />
    </Switch>
  </React.Suspense>
  <Memo(l) />
</BrowserRouter>
`;
